r c gonzalez received the bsee degree from the university of miami in
1965 and the me and phd degrees in electrical engineering from the univer
sity of floride gainesville in 1967 and 1970 respectively he joined the elec
trical and computer engineering department at the university of tennessee
knoxville utk in 1970 where be became associate professor in 1973 pro
fessor in 1978 and distinguished service professor in 1984 he served as chair
man of the department from 1994 through 1997 he is currently a professor
emeritus at utk