1 kg rice
2 litre milk
3 teaspoon sugar
4 dozen eggs
5 slices cheese
6 packets paneer
7 cups butter
8 bottles mayonnaise
9 cartons oil
10 satches diabetes medicine