ingredients milk chocolate coating 40 sugar milk solids cocoa butter
cocoa solids edible vegetable fats 5 sat fat palm oil dextrose emulsifier
ins 322 centre filling 60 liquid glucose peanuts 14 sugar
hydrogenated vegetable oil palm oil milk solid iodized salt cocoa butter cocoa
solids edible vegetable fats 5 sat fat palm oil dextrose emulsifier ins 322
contains vegetable fat in addition to cocoa butter
contains peanuts milks soy
may contain tree nuts
date of manufacture of the products inside this pack may be different from the
data of packaging of this pack this does not affect the quality of the products