m r kruthika block hostel will be
inchage of
prof manoj verma
dept cense
contact no 9902346297
email id mvarma iisc ac in