In this classic text george polya 1887 1985 offers something
unique a set of strategies for solving mathematical problems
The heuristic theoretical approach based on a deep analysis
of the methods and rules of discovery and invention proved
an inspiration to a generation of teachers and students yet
the lessons are utterly practical polya brilliantly demonstrates
how the true mathematician learns to draw unexpected analo
gies tackle problems from unusual angles and extract a little
more information from the data traditional mathematics can
often seem just a process of dry rigorous deduction how to
solve it wonderfully conveys its challenge and excitement as
a problem solving activity